­ƒùä´©Å  Using SQLite database for local development
[dotenv@17.2.3] injecting env (13) from .env -- tip: Ô£à audit secrets and track compliance: https://dotenvx.com/ops
Testing monthly cron job for: Mustafa Bushajea
[Service Log]: Starting monthly unpaid payment summary job...
[Service Log]: Monthly unpaid payment summary job completed
Test completed.
