client/src/components/HijriDatePicker.tsx(3,20): error TS7016: Could not find a declaration file for module 'moment-hijri'. 'C:/Users/mu6a_/Downloads/RealEstateCRM/RealEstateCRM/node_modules/moment-hijri/moment-hijri.js' implicitly has an 'any' type.
  Try `npm i --save-dev @types/moment-hijri` if it exists or add a new declaration (.d.ts) file containing `declare module 'moment-hijri';`
client/src/pages/Contracts.tsx(59,43): error TS7006: Parameter 'contract' implicitly has an 'any' type.
client/src/pages/Contracts.tsx(60,29): error TS7006: Parameter 'u' implicitly has an 'any' type.
client/src/pages/Contracts.tsx(61,35): error TS7006: Parameter 'c' implicitly has an 'any' type.
client/src/pages/Contracts.tsx(62,44): error TS7006: Parameter 'b' implicitly has an 'any' type.
client/src/pages/Contracts.tsx(76,54): error TS7006: Parameter 'contract' implicitly has an 'any' type.
client/src/pages/Customers.tsx(100,44): error TS7006: Parameter 'contact' implicitly has an 'any' type.
client/src/pages/Dashboard.tsx(76,12): error TS7006: Parameter 'a' implicitly has an 'any' type.
client/src/pages/Dashboard.tsx(76,15): error TS7006: Parameter 'b' implicitly has an 'any' type.
client/src/pages/Dashboard.tsx(78,10): error TS7006: Parameter 'payment' implicitly has an 'any' type.
client/src/pages/Dashboard.tsx(79,39): error TS7006: Parameter 'c' implicitly has an 'any' type.
client/src/pages/Dashboard.tsx(80,42): error TS7006: Parameter 'u' implicitly has an 'any' type.
client/src/pages/Dashboard.tsx(81,48): error TS7006: Parameter 'c' implicitly has an 'any' type.
client/src/pages/Dashboard.tsx(92,55): error TS7006: Parameter 'contract' implicitly has an 'any' type.
client/src/pages/Dashboard.tsx(93,29): error TS7006: Parameter 'u' implicitly has an 'any' type.
client/src/pages/Dashboard.tsx(94,35): error TS7006: Parameter 'c' implicitly has an 'any' type.
client/src/pages/Payments.tsx(116,41): error TS7006: Parameter 'payment' implicitly has an 'any' type.
client/src/pages/Payments.tsx(117,37): error TS7006: Parameter 'c' implicitly has an 'any' type.
client/src/pages/Payments.tsx(118,40): error TS7006: Parameter 'u' implicitly has an 'any' type.
client/src/pages/Payments.tsx(119,46): error TS7006: Parameter 'c' implicitly has an 'any' type.
client/src/pages/Payments.tsx(138,52): error TS7006: Parameter 'payment' implicitly has an 'any' type.
client/src/pages/Payments.tsx(151,51): error TS7006: Parameter 'p' implicitly has an 'any' type.
client/src/pages/Payments.tsx(152,51): error TS7006: Parameter 'p' implicitly has an 'any' type.
client/src/pages/Payments.tsx(153,48): error TS7006: Parameter 'p' implicitly has an 'any' type.
client/src/pages/Payments.tsx(168,48): error TS7006: Parameter 'p' implicitly has an 'any' type.
client/src/pages/Payments.tsx(190,47): error TS7006: Parameter 'p' implicitly has an 'any' type.
server/auth.ts(23,25): error TS2345: Argument of type '{ id: string; role: string; email: string; password: string; createdAt: string; username: string; fullName: string; }' is not assignable to parameter of type 'false | User | undefined'.
  Type '{ id: string; role: string; email: string; password: string; createdAt: string; username: string; fullName: string; }' is not assignable to type 'User'.
    Types of property 'createdAt' are incompatible.
      Type 'string' is not assignable to type 'Date'.
server/auth.ts(39,16): error TS2345: Argument of type '{ id: string; role: string; email: string; password: string; createdAt: string; username: string; fullName: string; } | undefined' is not assignable to parameter of type 'false | User | null | undefined'.
  Type '{ id: string; role: string; email: string; password: string; createdAt: string; username: string; fullName: string; }' is not assignable to type 'false | User | null | undefined'.
    Type '{ id: string; role: string; email: string; password: string; createdAt: string; username: string; fullName: string; }' is not assignable to type 'User'.
      Types of property 'createdAt' are incompatible.
        Type 'string' is not assignable to type 'Date'.
server/notification-routes.ts(182,29): error TS2349: This expression is not callable.
  Each member of the union type '(<TFrom extends SQLiteTable | Subquery | SQLiteViewBase | SQL>(source: TFrom) => SQLiteSelectBase<GetSelectTableName<TFrom>, "sync", RunResult, GetSelectTableSelection<TFrom>, ... 5 more ..., BuildSubquerySelection<...>>) | (<TFrom extends PgTable | Subquery | PgViewBase | SQL>(source: TableLikeHasEmptySelection<......' has signatures, but none of those signatures are compatible with each other.
server/notification-routes.ts(307,39): error TS2554: Expected 0 arguments, but got 1.
server/notification-routes.ts(307,59): error TS2349: This expression is not callable.
  Each member of the union type '(<TFrom extends SQLiteTable | Subquery | SQLiteViewBase | SQL>(source: TFrom) => SQLiteSelectBase<GetSelectTableName<TFrom>, "sync", RunResult, GetSelectTableSelection<TFrom>, ... 5 more ..., BuildSubquerySelection<...>>) | (<TFrom extends PgTable | Subquery | PgViewBase | SQL>(source: TableLikeHasEmptySelection<......' has signatures, but none of those signatures are compatible with each other.
server/notification-routes.ts(308,36): error TS2554: Expected 0 arguments, but got 1.
server/notification-routes.ts(308,56): error TS2349: This expression is not callable.
  Each member of the union type '(<TFrom extends SQLiteTable | Subquery | SQLiteViewBase | SQL>(source: TFrom) => SQLiteSelectBase<GetSelectTableName<TFrom>, "sync", RunResult, GetSelectTableSelection<TFrom>, ... 5 more ..., BuildSubquerySelection<...>>) | (<TFrom extends PgTable | Subquery | PgViewBase | SQL>(source: TableLikeHasEmptySelection<......' has signatures, but none of those signatures are compatible with each other.
server/notification-routes.ts(309,38): error TS2554: Expected 0 arguments, but got 1.
server/notification-routes.ts(309,58): error TS2349: This expression is not callable.
  Each member of the union type '(<TFrom extends SQLiteTable | Subquery | SQLiteViewBase | SQL>(source: TFrom) => SQLiteSelectBase<GetSelectTableName<TFrom>, "sync", RunResult, GetSelectTableSelection<TFrom>, ... 5 more ..., BuildSubquerySelection<...>>) | (<TFrom extends PgTable | Subquery | PgViewBase | SQL>(source: TableLikeHasEmptySelection<......' has signatures, but none of those signatures are compatible with each other.
server/notification-routes.ts(310,37): error TS2554: Expected 0 arguments, but got 1.
server/notification-routes.ts(310,57): error TS2349: This expression is not callable.
  Each member of the union type '(<TFrom extends SQLiteTable | Subquery | SQLiteViewBase | SQL>(source: TFrom) => SQLiteSelectBase<GetSelectTableName<TFrom>, "sync", RunResult, GetSelectTableSelection<TFrom>, ... 5 more ..., BuildSubquerySelection<...>>) | (<TFrom extends PgTable | Subquery | PgViewBase | SQL>(source: TableLikeHasEmptySelection<......' has signatures, but none of those signatures are compatible with each other.
server/routes/notifications.routes.ts(23,29): error TS2339: Property 'userId' does not exist on type 'Session & Partial<SessionData>'.
server/services/notification.service.ts(64,39): error TS2349: This expression is not callable.
  Each member of the union type '(<TTable extends PgTable>(table: TTable) => PgInsertBuilder<TTable, NeonQueryResultHKT, false>) | (<TTable extends SQLiteTable>(into: TTable) => SQLiteInsertBuilder<...>)' has signatures, but none of those signatures are compatible with each other.
server/services/notification.service.ts(98,10): error TS2349: This expression is not callable.
  Each member of the union type '(<TFrom extends SQLiteTable | Subquery | SQLiteViewBase | SQL>(source: TFrom) => SQLiteSelectBase<GetSelectTableName<TFrom>, "sync", RunResult, GetSelectTableSelection<TFrom>, ... 5 more ..., BuildSubquerySelection<...>>) | (<TFrom extends PgTable | Subquery | PgViewBase | SQL>(source: TableLikeHasEmptySelection<......' has signatures, but none of those signatures are compatible with each other.
server/services/notification.service.ts(140,16): error TS2349: This expression is not callable.
  Each member of the union type '(<TTable extends PgTable>(table: TTable) => PgUpdateBuilder<TTable, NeonQueryResultHKT>) | (<TTable extends SQLiteTable>(table: TTable) => SQLiteUpdateBuilder<...>)' has signatures, but none of those signatures are compatible with each other.
server/services/notification.service.ts(156,16): error TS2349: This expression is not callable.
  Each member of the union type '(<TTable extends PgTable>(table: TTable) => PgUpdateBuilder<TTable, NeonQueryResultHKT>) | (<TTable extends SQLiteTable>(table: TTable) => SQLiteUpdateBuilder<...>)' has signatures, but none of those signatures are compatible with each other.
server/services/notification.service.ts(202,8): error TS2349: This expression is not callable.
  Each member of the union type '(<TFrom extends SQLiteTable | Subquery | SQLiteViewBase | SQL>(source: TFrom) => SQLiteSelectBase<GetSelectTableName<TFrom>, "sync", RunResult, GetSelectTableSelection<TFrom>, ... 5 more ..., BuildSubquerySelection<...>>) | (<TFrom extends PgTable | Subquery | PgViewBase | SQL>(source: TableLikeHasEmptySelection<......' has signatures, but none of those signatures are compatible with each other.
server/services/notification.service.ts(284,10): error TS2349: This expression is not callable.
  Each member of the union type '(<TFrom extends SQLiteTable | Subquery | SQLiteViewBase | SQL>(source: TFrom) => SQLiteSelectBase<GetSelectTableName<TFrom>, "sync", RunResult, GetSelectTableSelection<TFrom>, ... 5 more ..., BuildSubquerySelection<...>>) | (<TFrom extends PgTable | Subquery | PgViewBase | SQL>(source: TableLikeHasEmptySelection<......' has signatures, but none of those signatures are compatible with each other.
server/services/notification.service.ts(309,10): error TS2349: This expression is not callable.
  Each member of the union type '(<TFrom extends SQLiteTable | Subquery | SQLiteViewBase | SQL>(source: TFrom) => SQLiteSelectBase<GetSelectTableName<TFrom>, "sync", RunResult, GetSelectTableSelection<TFrom>, ... 5 more ..., BuildSubquerySelection<...>>) | (<TFrom extends PgTable | Subquery | PgViewBase | SQL>(source: TableLikeHasEmptySelection<......' has signatures, but none of those signatures are compatible with each other.
server/services/notification.service.ts(425,10): error TS2349: This expression is not callable.
  Each member of the union type '(<TFrom extends SQLiteTable | Subquery | SQLiteViewBase | SQL>(source: TFrom) => SQLiteSelectBase<GetSelectTableName<TFrom>, "sync", RunResult, GetSelectTableSelection<TFrom>, ... 5 more ..., BuildSubquerySelection<...>>) | (<TFrom extends PgTable | Subquery | PgViewBase | SQL>(source: TableLikeHasEmptySelection<......' has signatures, but none of those signatures are compatible with each other.
server/services/notification.service.ts(558,22): error TS2349: This expression is not callable.
  Each member of the union type '(<TTable extends PgTable>(table: TTable) => PgInsertBuilder<TTable, NeonQueryResultHKT, false>) | (<TTable extends SQLiteTable>(into: TTable) => SQLiteInsertBuilder<...>)' has signatures, but none of those signatures are compatible with each other.
server/services/notification.service.ts(598,8): error TS2349: This expression is not callable.
  Each member of the union type '(<TFrom extends SQLiteTable | Subquery | SQLiteViewBase | SQL>(source: TFrom) => SQLiteSelectBase<GetSelectTableName<TFrom>, "sync", RunResult, GetSelectTableSelection<TFrom>, ... 5 more ..., BuildSubquerySelection<...>>) | (<TFrom extends PgTable | Subquery | PgViewBase | SQL>(source: TableLikeHasEmptySelection<......' has signatures, but none of those signatures are compatible with each other.
server/services/notification.service.ts(608,14): error TS2349: This expression is not callable.
  Each member of the union type '(<TTable extends PgTable>(table: TTable) => PgUpdateBuilder<TTable, NeonQueryResultHKT>) | (<TTable extends SQLiteTable>(table: TTable) => SQLiteUpdateBuilder<...>)' has signatures, but none of those signatures are compatible with each other.
server/services/notification.service.ts(624,16): error TS2349: This expression is not callable.
  Each member of the union type '(<TTable extends PgTable>(table: TTable) => PgUpdateBuilder<TTable, NeonQueryResultHKT>) | (<TTable extends SQLiteTable>(table: TTable) => SQLiteUpdateBuilder<...>)' has signatures, but none of those signatures are compatible with each other.
server/services/notification.service.ts(631,16): error TS2349: This expression is not callable.
  Each member of the union type '(<TTable extends PgTable>(table: TTable) => PgInsertBuilder<TTable, NeonQueryResultHKT, false>) | (<TTable extends SQLiteTable>(into: TTable) => SQLiteInsertBuilder<...>)' has signatures, but none of those signatures are compatible with each other.
server/storage.ts(88,38): error TS2349: This expression is not callable.
  Each member of the union type '(<TFrom extends SQLiteTable | Subquery | SQLiteViewBase | SQL>(source: TFrom) => SQLiteSelectBase<GetSelectTableName<TFrom>, "sync", RunResult, GetSelectTableSelection<TFrom>, ... 5 more ..., BuildSubquerySelection<...>>) | (<TFrom extends PgTable | Subquery | PgViewBase | SQL>(source: TableLikeHasEmptySelection<......' has signatures, but none of those signatures are compatible with each other.
server/storage.ts(93,38): error TS2349: This expression is not callable.
  Each member of the union type '(<TFrom extends SQLiteTable | Subquery | SQLiteViewBase | SQL>(source: TFrom) => SQLiteSelectBase<GetSelectTableName<TFrom>, "sync", RunResult, GetSelectTableSelection<TFrom>, ... 5 more ..., BuildSubquerySelection<...>>) | (<TFrom extends PgTable | Subquery | PgViewBase | SQL>(source: TableLikeHasEmptySelection<......' has signatures, but none of those signatures are compatible with each other.
server/storage.ts(98,38): error TS2349: This expression is not callable.
  Each member of the union type '(<TFrom extends SQLiteTable | Subquery | SQLiteViewBase | SQL>(source: TFrom) => SQLiteSelectBase<GetSelectTableName<TFrom>, "sync", RunResult, GetSelectTableSelection<TFrom>, ... 5 more ..., BuildSubquerySelection<...>>) | (<TFrom extends PgTable | Subquery | PgViewBase | SQL>(source: TableLikeHasEmptySelection<......' has signatures, but none of those signatures are compatible with each other.
server/storage.ts(103,29): error TS2349: This expression is not callable.
  Each member of the union type '(<TTable extends PgTable>(table: TTable) => PgInsertBuilder<TTable, NeonQueryResultHKT, false>) | (<TTable extends SQLiteTable>(into: TTable) => SQLiteInsertBuilder<...>)' has signatures, but none of those signatures are compatible with each other.
server/storage.ts(108,29): error TS2349: This expression is not callable.
  Each member of the union type '(<TFrom extends SQLiteTable | Subquery | SQLiteViewBase | SQL>(source: TFrom) => SQLiteSelectBase<GetSelectTableName<TFrom>, "sync", RunResult, GetSelectTableSelection<TFrom>, ... 5 more ..., BuildSubquerySelection<...>>) | (<TFrom extends PgTable | Subquery | PgViewBase | SQL>(source: TableLikeHasEmptySelection<......' has signatures, but none of those signatures are compatible with each other.
server/storage.ts(121,36): error TS2554: Expected 0 arguments, but got 1.
server/storage.ts(121,56): error TS2349: This expression is not callable.
  Each member of the union type '(<TFrom extends SQLiteTable | Subquery | SQLiteViewBase | SQL>(source: TFrom) => SQLiteSelectBase<GetSelectTableName<TFrom>, "sync", RunResult, GetSelectTableSelection<TFrom>, ... 5 more ..., BuildSubquerySelection<...>>) | (<TFrom extends PgTable | Subquery | PgViewBase | SQL>(source: TableLikeHasEmptySelection<......' has signatures, but none of those signatures are compatible with each other.
server/storage.ts(127,8): error TS2349: This expression is not callable.
  Each member of the union type '(<TTable extends PgTable>(table: TTable) => PgUpdateBuilder<TTable, NeonQueryResultHKT>) | (<TTable extends SQLiteTable>(table: TTable) => SQLiteUpdateBuilder<...>)' has signatures, but none of those signatures are compatible with each other.
server/storage.ts(135,14): error TS2349: This expression is not callable.
  Each member of the union type '(<TTable extends PgTable>(table: TTable) => PgDeleteBase<TTable, NeonQueryResultHKT, undefined, undefined, false, never>) | (<TTable extends SQLiteTable>(from: TTable) => SQLiteDeleteBase<...>)' has signatures, but none of those signatures are compatible with each other.
server/storage.ts(140,29): error TS2349: This expression is not callable.
  Each member of the union type '(<TFrom extends SQLiteTable | Subquery | SQLiteViewBase | SQL>(source: TFrom) => SQLiteSelectBase<GetSelectTableName<TFrom>, "sync", RunResult, GetSelectTableSelection<TFrom>, ... 5 more ..., BuildSubquerySelection<...>>) | (<TFrom extends PgTable | Subquery | PgViewBase | SQL>(source: TableLikeHasEmptySelection<......' has signatures, but none of those signatures are compatible with each other.
server/storage.ts(155,36): error TS2554: Expected 0 arguments, but got 1.
server/storage.ts(156,8): error TS2349: This expression is not callable.
  Each member of the union type '(<TFrom extends SQLiteTable | Subquery | SQLiteViewBase | SQL>(source: TFrom) => SQLiteSelectBase<GetSelectTableName<TFrom>, "sync", RunResult, GetSelectTableSelection<TFrom>, ... 5 more ..., BuildSubquerySelection<...>>) | (<TFrom extends PgTable | Subquery | PgViewBase | SQL>(source: TableLikeHasEmptySelection<......' has signatures, but none of those signatures are compatible with each other.
server/storage.ts(162,38): error TS2349: This expression is not callable.
  Each member of the union type '(<TFrom extends SQLiteTable | Subquery | SQLiteViewBase | SQL>(source: TFrom) => SQLiteSelectBase<GetSelectTableName<TFrom>, "sync", RunResult, GetSelectTableSelection<TFrom>, ... 5 more ..., BuildSubquerySelection<...>>) | (<TFrom extends PgTable | Subquery | PgViewBase | SQL>(source: TableLikeHasEmptySelection<......' has signatures, but none of those signatures are compatible with each other.
server/storage.ts(167,29): error TS2349: This expression is not callable.
  Each member of the union type '(<TTable extends PgTable>(table: TTable) => PgInsertBuilder<TTable, NeonQueryResultHKT, false>) | (<TTable extends SQLiteTable>(into: TTable) => SQLiteInsertBuilder<...>)' has signatures, but none of those signatures are compatible with each other.
server/storage.ts(172,29): error TS2349: This expression is not callable.
  Each member of the union type '(<TTable extends PgTable>(table: TTable) => PgUpdateBuilder<TTable, NeonQueryResultHKT>) | (<TTable extends SQLiteTable>(table: TTable) => SQLiteUpdateBuilder<...>)' has signatures, but none of those signatures are compatible with each other.
server/storage.ts(177,14): error TS2349: This expression is not callable.
  Each member of the union type '(<TTable extends PgTable>(table: TTable) => PgDeleteBase<TTable, NeonQueryResultHKT, undefined, undefined, false, never>) | (<TTable extends SQLiteTable>(from: TTable) => SQLiteDeleteBase<...>)' has signatures, but none of those signatures are compatible with each other.
server/storage.ts(182,24): error TS2349: This expression is not callable.
  Each member of the union type '(<TFrom extends SQLiteTable | Subquery | SQLiteViewBase | SQL>(source: TFrom) => SQLiteSelectBase<GetSelectTableName<TFrom>, "sync", RunResult, GetSelectTableSelection<TFrom>, ... 5 more ..., BuildSubquerySelection<...>>) | (<TFrom extends PgTable | Subquery | PgViewBase | SQL>(source: TableLikeHasEmptySelection<......' has signatures, but none of those signatures are compatible with each other.
server/storage.ts(188,38): error TS2349: This expression is not callable.
  Each member of the union type '(<TFrom extends SQLiteTable | Subquery | SQLiteViewBase | SQL>(source: TFrom) => SQLiteSelectBase<GetSelectTableName<TFrom>, "sync", RunResult, GetSelectTableSelection<TFrom>, ... 5 more ..., BuildSubquerySelection<...>>) | (<TFrom extends PgTable | Subquery | PgViewBase | SQL>(source: TableLikeHasEmptySelection<......' has signatures, but none of those signatures are compatible with each other.
server/storage.ts(193,29): error TS2349: This expression is not callable.
  Each member of the union type '(<TTable extends PgTable>(table: TTable) => PgInsertBuilder<TTable, NeonQueryResultHKT, false>) | (<TTable extends SQLiteTable>(into: TTable) => SQLiteInsertBuilder<...>)' has signatures, but none of those signatures are compatible with each other.
server/storage.ts(198,29): error TS2349: This expression is not callable.
  Each member of the union type '(<TTable extends PgTable>(table: TTable) => PgUpdateBuilder<TTable, NeonQueryResultHKT>) | (<TTable extends SQLiteTable>(table: TTable) => SQLiteUpdateBuilder<...>)' has signatures, but none of those signatures are compatible with each other.
server/storage.ts(203,14): error TS2349: This expression is not callable.
  Each member of the union type '(<TTable extends PgTable>(table: TTable) => PgDeleteBase<TTable, NeonQueryResultHKT, undefined, undefined, false, never>) | (<TTable extends SQLiteTable>(from: TTable) => SQLiteDeleteBase<...>)' has signatures, but none of those signatures are compatible with each other.
server/storage.ts(214,26): error TS2349: This expression is not callable.
  Each member of the union type '(<TFrom extends SQLiteTable | Subquery | SQLiteViewBase | SQL>(source: TFrom) => SQLiteSelectBase<GetSelectTableName<TFrom>, "sync", RunResult, GetSelectTableSelection<TFrom>, ... 5 more ..., BuildSubquerySelection<...>>) | (<TFrom extends PgTable | Subquery | PgViewBase | SQL>(source: TableLikeHasEmptySelection<......' has signatures, but none of those signatures are compatible with each other.
server/storage.ts(220,36): error TS2554: Expected 0 arguments, but got 1.
server/storage.ts(221,8): error TS2349: This expression is not callable.
  Each member of the union type '(<TFrom extends SQLiteTable | Subquery | SQLiteViewBase | SQL>(source: TFrom) => SQLiteSelectBase<GetSelectTableName<TFrom>, "sync", RunResult, GetSelectTableSelection<TFrom>, ... 5 more ..., BuildSubquerySelection<...>>) | (<TFrom extends PgTable | Subquery | PgViewBase | SQL>(source: TableLikeHasEmptySelection<......' has signatures, but none of those signatures are compatible with each other.
server/storage.ts(226,23): error TS7006: Parameter 'r' implicitly has an 'any' type.
server/storage.ts(230,38): error TS2349: This expression is not callable.
  Each member of the union type '(<TFrom extends SQLiteTable | Subquery | SQLiteViewBase | SQL>(source: TFrom) => SQLiteSelectBase<GetSelectTableName<TFrom>, "sync", RunResult, GetSelectTableSelection<TFrom>, ... 5 more ..., BuildSubquerySelection<...>>) | (<TFrom extends PgTable | Subquery | PgViewBase | SQL>(source: TableLikeHasEmptySelection<......' has signatures, but none of those signatures are compatible with each other.
server/storage.ts(235,29): error TS2349: This expression is not callable.
  Each member of the union type '(<TTable extends PgTable>(table: TTable) => PgInsertBuilder<TTable, NeonQueryResultHKT, false>) | (<TTable extends SQLiteTable>(into: TTable) => SQLiteInsertBuilder<...>)' has signatures, but none of those signatures are compatible with each other.
server/storage.ts(240,29): error TS2349: This expression is not callable.
  Each member of the union type '(<TTable extends PgTable>(table: TTable) => PgUpdateBuilder<TTable, NeonQueryResultHKT>) | (<TTable extends SQLiteTable>(table: TTable) => SQLiteUpdateBuilder<...>)' has signatures, but none of those signatures are compatible with each other.
server/storage.ts(245,14): error TS2349: This expression is not callable.
  Each member of the union type '(<TTable extends PgTable>(table: TTable) => PgDeleteBase<TTable, NeonQueryResultHKT, undefined, undefined, false, never>) | (<TTable extends SQLiteTable>(from: TTable) => SQLiteDeleteBase<...>)' has signatures, but none of those signatures are compatible with each other.
server/storage.ts(250,27): error TS2554: Expected 0 arguments, but got 1.
server/storage.ts(251,8): error TS2349: This expression is not callable.
  Each member of the union type '(<TFrom extends SQLiteTable | Subquery | SQLiteViewBase | SQL>(source: TFrom) => SQLiteSelectBase<GetSelectTableName<TFrom>, "sync", RunResult, GetSelectTableSelection<TFrom>, ... 5 more ..., BuildSubquerySelection<...>>) | (<TFrom extends PgTable | Subquery | PgViewBase | SQL>(source: TableLikeHasEmptySelection<......' has signatures, but none of those signatures are compatible with each other.
server/storage.ts(265,23): error TS7006: Parameter 'r' implicitly has an 'any' type.
server/storage.ts(269,36): error TS2554: Expected 0 arguments, but got 1.
server/storage.ts(270,8): error TS2349: This expression is not callable.
  Each member of the union type '(<TFrom extends SQLiteTable | Subquery | SQLiteViewBase | SQL>(source: TFrom) => SQLiteSelectBase<GetSelectTableName<TFrom>, "sync", RunResult, GetSelectTableSelection<TFrom>, ... 5 more ..., BuildSubquerySelection<...>>) | (<TFrom extends PgTable | Subquery | PgViewBase | SQL>(source: TableLikeHasEmptySelection<......' has signatures, but none of those signatures are compatible with each other.
server/storage.ts(278,38): error TS2349: This expression is not callable.
  Each member of the union type '(<TFrom extends SQLiteTable | Subquery | SQLiteViewBase | SQL>(source: TFrom) => SQLiteSelectBase<GetSelectTableName<TFrom>, "sync", RunResult, GetSelectTableSelection<TFrom>, ... 5 more ..., BuildSubquerySelection<...>>) | (<TFrom extends PgTable | Subquery | PgViewBase | SQL>(source: TableLikeHasEmptySelection<......' has signatures, but none of those signatures are compatible with each other.
server/storage.ts(283,29): error TS2349: This expression is not callable.
  Each member of the union type '(<TTable extends PgTable>(table: TTable) => PgInsertBuilder<TTable, NeonQueryResultHKT, false>) | (<TTable extends SQLiteTable>(into: TTable) => SQLiteInsertBuilder<...>)' has signatures, but none of those signatures are compatible with each other.
server/storage.ts(288,29): error TS2349: This expression is not callable.
  Each member of the union type '(<TTable extends PgTable>(table: TTable) => PgUpdateBuilder<TTable, NeonQueryResultHKT>) | (<TTable extends SQLiteTable>(table: TTable) => SQLiteUpdateBuilder<...>)' has signatures, but none of those signatures are compatible with each other.
server/storage.ts(293,14): error TS2349: This expression is not callable.
  Each member of the union type '(<TTable extends PgTable>(table: TTable) => PgDeleteBase<TTable, NeonQueryResultHKT, undefined, undefined, false, never>) | (<TTable extends SQLiteTable>(from: TTable) => SQLiteDeleteBase<...>)' has signatures, but none of those signatures are compatible with each other.
server/storage.ts(298,27): error TS2554: Expected 0 arguments, but got 1.
server/storage.ts(299,8): error TS2349: This expression is not callable.
  Each member of the union type '(<TFrom extends SQLiteTable | Subquery | SQLiteViewBase | SQL>(source: TFrom) => SQLiteSelectBase<GetSelectTableName<TFrom>, "sync", RunResult, GetSelectTableSelection<TFrom>, ... 5 more ..., BuildSubquerySelection<...>>) | (<TFrom extends PgTable | Subquery | PgViewBase | SQL>(source: TableLikeHasEmptySelection<......' has signatures, but none of those signatures are compatible with each other.
server/storage.ts(319,23): error TS7006: Parameter 'r' implicitly has an 'any' type.
server/storage.ts(323,27): error TS2554: Expected 0 arguments, but got 1.
server/storage.ts(324,8): error TS2349: This expression is not callable.
  Each member of the union type '(<TFrom extends SQLiteTable | Subquery | SQLiteViewBase | SQL>(source: TFrom) => SQLiteSelectBase<GetSelectTableName<TFrom>, "sync", RunResult, GetSelectTableSelection<TFrom>, ... 5 more ..., BuildSubquerySelection<...>>) | (<TFrom extends PgTable | Subquery | PgViewBase | SQL>(source: TableLikeHasEmptySelection<......' has signatures, but none of those signatures are compatible with each other.
server/storage.ts(339,38): error TS2349: This expression is not callable.
  Each member of the union type '(<TFrom extends SQLiteTable | Subquery | SQLiteViewBase | SQL>(source: TFrom) => SQLiteSelectBase<GetSelectTableName<TFrom>, "sync", RunResult, GetSelectTableSelection<TFrom>, ... 5 more ..., BuildSubquerySelection<...>>) | (<TFrom extends PgTable | Subquery | PgViewBase | SQL>(source: TableLikeHasEmptySelection<......' has signatures, but none of those signatures are compatible with each other.
server/storage.ts(344,29): error TS2349: This expression is not callable.
  Each member of the union type '(<TTable extends PgTable>(table: TTable) => PgInsertBuilder<TTable, NeonQueryResultHKT, false>) | (<TTable extends SQLiteTable>(into: TTable) => SQLiteInsertBuilder<...>)' has signatures, but none of those signatures are compatible with each other.
server/storage.ts(349,29): error TS2349: This expression is not callable.
  Each member of the union type '(<TTable extends PgTable>(table: TTable) => PgUpdateBuilder<TTable, NeonQueryResultHKT>) | (<TTable extends SQLiteTable>(table: TTable) => SQLiteUpdateBuilder<...>)' has signatures, but none of those signatures are compatible with each other.
server/storage.ts(354,14): error TS2349: This expression is not callable.
  Each member of the union type '(<TTable extends PgTable>(table: TTable) => PgDeleteBase<TTable, NeonQueryResultHKT, undefined, undefined, false, never>) | (<TTable extends SQLiteTable>(from: TTable) => SQLiteDeleteBase<...>)' has signatures, but none of those signatures are compatible with each other.
server/storage.ts(359,8): error TS2349: This expression is not callable.
  Each member of the union type '(<TTable extends PgTable>(table: TTable) => PgDeleteBase<TTable, NeonQueryResultHKT, undefined, undefined, false, never>) | (<TTable extends SQLiteTable>(from: TTable) => SQLiteDeleteBase<...>)' has signatures, but none of those signatures are compatible with each other.
server/storage.ts(380,15): error TS2554: Expected 0 arguments, but got 1.
server/storage.ts(381,8): error TS2349: This expression is not callable.
  Each member of the union type '(<TFrom extends SQLiteTable | Subquery | SQLiteViewBase | SQL>(source: TFrom) => SQLiteSelectBase<GetSelectTableName<TFrom>, "sync", RunResult, GetSelectTableSelection<TFrom>, ... 5 more ..., BuildSubquerySelection<...>>) | (<TFrom extends PgTable | Subquery | PgViewBase | SQL>(source: TableLikeHasEmptySelection<......' has signatures, but none of those signatures are compatible with each other.
server/storage.ts(395,23): error TS7006: Parameter 'r' implicitly has an 'any' type.
server/storage.ts(404,15): error TS2554: Expected 0 arguments, but got 1.
server/storage.ts(405,8): error TS2349: This expression is not callable.
  Each member of the union type '(<TFrom extends SQLiteTable | Subquery | SQLiteViewBase | SQL>(source: TFrom) => SQLiteSelectBase<GetSelectTableName<TFrom>, "sync", RunResult, GetSelectTableSelection<TFrom>, ... 5 more ..., BuildSubquerySelection<...>>) | (<TFrom extends PgTable | Subquery | PgViewBase | SQL>(source: TableLikeHasEmptySelection<......' has signatures, but none of those signatures are compatible with each other.
server/storage.ts(418,23): error TS7006: Parameter 'r' implicitly has an 'any' type.
server/storage.ts(435,15): error TS2554: Expected 0 arguments, but got 1.
server/storage.ts(441,8): error TS2349: This expression is not callable.
  Each member of the union type '(<TFrom extends SQLiteTable | Subquery | SQLiteViewBase | SQL>(source: TFrom) => SQLiteSelectBase<GetSelectTableName<TFrom>, "sync", RunResult, GetSelectTableSelection<TFrom>, ... 5 more ..., BuildSubquerySelection<...>>) | (<TFrom extends PgTable | Subquery | PgViewBase | SQL>(source: TableLikeHasEmptySelection<......' has signatures, but none of those signatures are compatible with each other.
